Sym Table
PROGRAM   00000  true
FIRST     00000  true
TOP       00008  true
BUF1      00019  true
BUF2      00619  true
MAX       00C19  true
CHAR      00C1A  true
HEX       00C1E  true
RETADDR   00C20  true

Program Length is 00C27 bytes

Output Listing:
LOCCTR     Symbol     Opcode     Operand
--------------------------------------------------
00000      PROGRAM    START      0
00000      FIRST      LDB        #BUF2
00003                 BASE       BUF 2
00003                 STL        RETADDR
00006                 CLEAR      X
00008      TOP        RMO        X,A
0000A                 MUL        BUF1,X
0000D                 STA        BUF2,X
00010                 TIX        MAX
00013                 JLT        TOP
00016                 J          RETADDR
00619      BUF1       RESW       512
00C19      BUF2       RESB       1536
00C1A      MAX        WORD       512
00C1E      CHAR       BYTE       =0CDCBA
00C20      HEX        BYTE       =0X12BA
00C23      RETADDR    RESW       1
00C23      =0CDCBA    2          DCBA
00C25      =0X12BA    2          12BA

Litral Table
Name            Length     Value      Address   
----------------------------------------------
=0CDCBA         4          DCBA       00C27
=0X12BA         2          12BA       00C27
